v2 (phase1-smoke) topics found: 4 / 4 expected

[6054a7] watch for: Ontario eligibility / political feasibility / UBI definition
  status=completed  searches: v1=39 -> v2=23  words: v1=609 -> v2=634  refs: v1=11 -> v2=19
  queries fired in v2:
    [hybrid  ] Finland basic income experiment 2017 2018 employment wellbeing results peer reviewed
    [keyword ] Finland basic income experiment Kela 2017 2018
    [hybrid  ] Canada Ontario basic income pilot cancellation employment health outcomes peer reviewed
    [keyword ] Ontario Basic Income Pilot Lindsay 2018 2019
    [hybrid  ] United States guaranteed income pilots Stockton economic effects employment wellbeing peer reviewed 
    [keyword ] Stockton Economic Empowerment Demonstration SEED guaranteed income 2021 2023
    [semantic] universal basic income long term consequences labor supply inflation fiscal cost developed countries
    [semantic] universal basic income policy experts commentary developed countries evidence 2019 2024
    [keyword ] Finland basic income experiment 2017 2018 employment wellbeing Olli Kangas results
    [semantic] What did Finland's 2017-2018 basic income experiment find about employment and wellbeing?
    [keyword ] Ontario Basic Income Pilot 2017 2018 results employment health cancellation Lindsay Shepard
    [semantic] What did Canada's Ontario basic income pilot show about work health and wellbeing?
    [keyword ] Stockton SEED guaranteed income randomized trial employment mental health 2021 2023
    [semantic] What did the Stockton Economic Empowerment Demonstration find about employment wellbeing and financi
    [hybrid  ] United States guaranteed income pilot results employment health economic study post 2015
    [semantic] UBI advanced economies labor supply fiscal cost inflation peer reviewed economic study 2018 2024
    [keyword ] universal basic income advanced economy 6.5 percent GDP IMF Fiscal Monitor 2017 financing
    [hybrid  ] A universal basic income in developed countries long term labor market effects taxes social spending
    [keyword ] Hoynes Rothstein universal basic income NBER 2019 cost social programs labor supply
    [hybrid  ] peer reviewed economic study Finland basic income experiment 2020 employment wellbeing Kangas Simana
    [semantic] peer reviewed economic study unconditional cash transfer high income countries labor supply wellbein
    [keyword ] Kangas Jauhiainen Simanainen Ylikännö 2020 Finland basic income experiment results journal
    [semantic] Finland basic income experiment peer reviewed journal employment wellbeing 2020 results

[605476] watch for: shared US-Soviet enemy / internal British opposition
  status=completed  searches: v1=9 -> v2=14  words: v1=708 -> v2=972  refs: v1=6 -> v2=9
  queries fired in v2:
    [semantic] Operation Barbarossa June 1941 Stalin warnings Soviet military preparedness German invasion
    [keyword ] Barbarossa Stalin intelligence warnings June 22 1941 Red Army preparedness
    [hybrid  ] A plausible alternate history in which Stalin acts on warnings of Operation Barbarossa, prepares the
    [semantic] United States Soviet Union alliance détente World War II Lend Lease Cold War relations 1970s
    [keyword ] US USSR alliance 1980 détente strategic arms limitation Soviet American relations
    [hybrid  ] A plausible geopolitical path from wartime US Soviet cooperation through détente to a formal America
    [semantic] British communism Communist Party Britain postwar empire decolonization colonies 1945 1970
    [keyword ] Britain communist state 2000 retained colonies British Empire decolonization Suez crisis
    [hybrid  ] A plausible alternate history of Britain becoming communist while preserving its overseas empire and
    [semantic] British Communist Party electoral influence postwar Labour left trade unions 1970s crisis
    [keyword ] Communist Party of Great Britain miners strike Labour left 1970s 1980s Britain
    [hybrid  ] Britain becomes communist after economic crisis, Labour nationalisation, trade unions, and a negotia
    [semantic] British Empire federation colonial self government preserve imperial control Malaya Kenya West Indie
    [keyword ] British Empire Federation West Indies Central Africa East Africa Malaya colonial federation

[9af325] watch for: book-by-book structure
  status=completed  searches: v1=13 -> v2=13  words: v1=988 -> v2=917  refs: v1=18 -> v2=21
  queries fired in v2:
    [hybrid  ] Baudelaire orphans complete story travels situation circumstances secret societies chronology
    [keyword ] Violet Klaus Sunny Baudelaire Count Olaf V.F.D.
    [semantic] Baudelaire orphans guardians acquaintances characters The Series of Unfortunate Events
    [hybrid  ] Baudelaire orphans travels guardians Aunt Josephine Sir Hankler Snicket Carmelita Spats chronology
    [hybrid  ] Baudelaire V.F.D. Schism volunteers fire secret society chronology Beatrice Bertrand Kit Snicket
    [keyword ] Aunt Josephine Jerome Montgomery Poe Baudelaire guardians Hook-Handed Man Carmelita Quagmire
    [semantic] Baudelaire travels guardians locations V.F.D. secret organization
    [hybrid  ] Baudelaire orphans external characters guardians Justice Strauss Dr Montgomery Josephine Quagmire He
    [keyword ] Violet Klaus Sunny Baudelaire later allies Olivia Jacquelyn Kit Dewey Hector Fernald Fiona Phil
    [semantic] Baudelaire orphans complete character relationships guardians enemies allies
    [hybrid  ] V.F.D. history schism Baudelaire parents Count Olaf fire Sugar Bowl Medusoid Mycelium
    [keyword ] VFD Baudelaire parents Beatrice Bertrand Olaf Lemony Snicket secret society
    [semantic] chronological significance secret organization VFD Baudelaire orphans volunteers schism

[605391] watch for: named partners: Indomaret, GrabFood, etc.
  status=completed  searches: v1=17 -> v2=24  words: v1=937 -> v2=938  refs: v1=16 -> v2=22
  queries fired in v2:
    [hybrid  ] Singapore Thailand Indonesia alternative protein consumer demand survey market data plant-based meat
    [semantic] Singapore plant-based meat consumer survey demand cultured alternative protein
    [keyword ] Singapore plant based meat alternative protein Impossible OmniMeat pricing retail channels regulatio
    [semantic] Thailand plant-based meat consumer demand survey market competitors retail foodservice regulation
    [semantic] Indonesia plant-based meat consumer demand survey market competitors retail foodservice halal regula
    [hybrid  ] Southeast Asia plant-based meat market regional players pricing distribution regulatory hurdles
    [keyword ] Impossible Foods OmniMeat Green Monday Next Gen Foods Southeast Asia price retail restaurants
    [semantic] Southeast Asia plant-based protein cultural dietary halal vegetarian flexitarian consumer positionin
    [hybrid  ] plant-based meat Southeast Asia direct to consumer B2B partnerships quick service restaurants go to 
    [hybrid  ] Southeast Asia alternative protein regulation labeling import supply chain localization sustainabili
    [semantic] Singapore food agency novel food plant-based meat labeling import approval regulatory requirements
    [keyword ] Singapore Food Agency alternative protein novel food regulatory framework labeling
    [semantic] Thailand plant-based meat food labeling regulation FDA novel food import approval
    [keyword ] Thailand FDA plant based meat labeling regulation alternative protein
    [semantic] Indonesia plant based meat BPOM halal certification labeling regulation import
    [keyword ] Indonesia BPOM plant based meat halal certification labeling regulation
    [keyword ] Indonesia plant based meat competitors retail channels Green Rebel Meatless Kingdom Burger King Star
    [semantic] Indonesia alternative protein direct consumer restaurants retail distribution channels consumer surv
    [semantic] Southeast Asia plant based meat sustainability claims consumer trust carbon footprint greenwashing s
    [hybrid  ] Southeast Asia alternative protein supply chain local ingredients manufacturing investment risk
    [keyword ] Thailand plant based meat price Meat Avatar More Meat supermarket baht
    [semantic] Thailand plant-based meat retail prices consumer affordability baht
    [keyword ] Indonesia plant based meat price Green Rebel retail rupiah supermarket
    [semantic] Indonesia plant-based meat pricing affordability Green Rebel consumer market
