{
  "source_run": "sol-aus-v2-research-first-dev30-20260806",
  "target_run": "sol-aus-v2-research-first-pre-repair-dev30-20260806",
  "topics": 30,
  "matrix": [
    {
      "qid": "683a58c9a7e7fe4e7695846f",
      "repair_active": true,
      "candidate_reports": 2,
      "pre_words": 861,
      "post_words": 857,
      "pre_references": 17,
      "post_references": 20,
      "output": "data/outputs/aus_agent_v2/20260807T001556801411+1000.pre_repair_counterfactual.output.json"
    },
    {
      "qid": "683a58c9a7e7fe4e76958488",
      "repair_active": true,
      "candidate_reports": 2,
      "pre_words": 787,
      "post_words": 817,
      "pre_references": 19,
      "post_references": 20,
      "output": "data/outputs/aus_agent_v2/20260807T001556808861+1000.pre_repair_counterfactual.output.json"
    },
    {
      "qid": "683a58c9a7e7fe4e7695848b",
      "repair_active": true,
      "candidate_reports": 2,
      "pre_words": 960,
      "post_words": 1009,
      "pre_references": 18,
      "post_references": 20,
      "output": "data/outputs/aus_agent_v2/20260807T001556859160+1000.pre_repair_counterfactual.output.json"
    },
    {
      "qid": "683a58c9a7e7fe4e76958498",
      "repair_active": true,
      "candidate_reports": 2,
      "pre_words": 890,
      "post_words": 997,
      "pre_references": 21,
      "post_references": 25,
      "output": "data/outputs/aus_agent_v2/20260807T001556840883+1000.pre_repair_counterfactual.output.json"
    },
    {
      "qid": "684397d188c1deceb49af31d",
      "repair_active": true,
      "candidate_reports": 2,
      "pre_words": 789,
      "post_words": 810,
      "pre_references": 18,
      "post_references": 21,
      "output": "data/outputs/aus_agent_v2/20260807T001556848201+1000.pre_repair_counterfactual.output.json"
    },
    {
      "qid": "684397d188c1deceb49af325",
      "repair_active": true,
      "candidate_reports": 2,
      "pre_words": 925,
      "post_words": 910,
      "pre_references": 36,
      "post_references": 38,
      "output": "data/outputs/aus_agent_v2/20260807T001556817256+1000.pre_repair_counterfactual.output.json"
    },
    {
      "qid": "684397d188c1deceb49af32d",
      "repair_active": true,
      "candidate_reports": 2,
      "pre_words": 981,
      "post_words": 981,
      "pre_references": 24,
      "post_references": 30,
      "output": "data/outputs/aus_agent_v2/20260807T001556833024+1000.pre_repair_counterfactual.output.json"
    },
    {
      "qid": "6847465956a0f6376a60535d",
      "repair_active": true,
      "candidate_reports": 2,
      "pre_words": 1010,
      "post_words": 1010,
      "pre_references": 25,
      "post_references": 34,
      "output": "data/outputs/aus_agent_v2/20260807T001556824260+1000.pre_repair_counterfactual.output.json"
    },
    {
      "qid": "6847465956a0f6376a605360",
      "repair_active": true,
      "candidate_reports": 2,
      "pre_words": 863,
      "post_words": 926,
      "pre_references": 28,
      "post_references": 32,
      "output": "data/outputs/aus_agent_v2/20260807T002007421607+1000.pre_repair_counterfactual.output.json"
    },
    {
      "qid": "6847465956a0f6376a605367",
      "repair_active": true,
      "candidate_reports": 2,
      "pre_words": 979,
      "post_words": 999,
      "pre_references": 18,
      "post_references": 27,
      "output": "data/outputs/aus_agent_v2/20260807T002031675331+1000.pre_repair_counterfactual.output.json"
    },
    {
      "qid": "6847465956a0f6376a605387",
      "repair_active": true,
      "candidate_reports": 2,
      "pre_words": 901,
      "post_words": 937,
      "pre_references": 30,
      "post_references": 39,
      "output": "data/outputs/aus_agent_v2/20260807T002042258005+1000.pre_repair_counterfactual.output.json"
    },
    {
      "qid": "6847465956a0f6376a605391",
      "repair_active": true,
      "candidate_reports": 2,
      "pre_words": 927,
      "post_words": 986,
      "pre_references": 35,
      "post_references": 42,
      "output": "data/outputs/aus_agent_v2/20260807T002045471126+1000.pre_repair_counterfactual.output.json"
    },
    {
      "qid": "6847465956a0f6376a6053a0",
      "repair_active": true,
      "candidate_reports": 2,
      "pre_words": 1022,
      "post_words": 969,
      "pre_references": 31,
      "post_references": 36,
      "output": "data/outputs/aus_agent_v2/20260807T002048089078+1000.pre_repair_counterfactual.output.json"
    },
    {
      "qid": "6847465956a0f6376a6053c9",
      "repair_active": true,
      "candidate_reports": 2,
      "pre_words": 960,
      "post_words": 926,
      "pre_references": 33,
      "post_references": 31,
      "output": "data/outputs/aus_agent_v2/20260807T002125711436+1000.pre_repair_counterfactual.output.json"
    },
    {
      "qid": "6847465956a0f6376a6053ca",
      "repair_active": true,
      "candidate_reports": 2,
      "pre_words": 841,
      "post_words": 786,
      "pre_references": 20,
      "post_references": 23,
      "output": "data/outputs/aus_agent_v2/20260807T002205962434+1000.pre_repair_counterfactual.output.json"
    },
    {
      "qid": "6847465956a0f6376a6053fb",
      "repair_active": true,
      "candidate_reports": 2,
      "pre_words": 803,
      "post_words": 897,
      "pre_references": 24,
      "post_references": 24,
      "output": "data/outputs/aus_agent_v2/20260807T002206468700+1000.pre_repair_counterfactual.output.json"
    },
    {
      "qid": "6847465956a0f6376a605404",
      "repair_active": true,
      "candidate_reports": 2,
      "pre_words": 919,
      "post_words": 943,
      "pre_references": 35,
      "post_references": 36,
      "output": "data/outputs/aus_agent_v2/20260807T002457911561+1000.pre_repair_counterfactual.output.json"
    },
    {
      "qid": "6847465956a0f6376a60542a",
      "repair_active": true,
      "candidate_reports": 2,
      "pre_words": 1005,
      "post_words": 998,
      "pre_references": 26,
      "post_references": 30,
      "output": "data/outputs/aus_agent_v2/20260807T002518977525+1000.pre_repair_counterfactual.output.json"
    },
    {
      "qid": "6847465956a0f6376a60542d",
      "repair_active": true,
      "candidate_reports": 2,
      "pre_words": 929,
      "post_words": 984,
      "pre_references": 31,
      "post_references": 37,
      "output": "data/outputs/aus_agent_v2/20260807T002544115019+1000.pre_repair_counterfactual.output.json"
    },
    {
      "qid": "6847465956a0f6376a605433",
      "repair_active": true,
      "candidate_reports": 2,
      "pre_words": 995,
      "post_words": 972,
      "pre_references": 26,
      "post_references": 26,
      "output": "data/outputs/aus_agent_v2/20260807T002557023540+1000.pre_repair_counterfactual.output.json"
    },
    {
      "qid": "6847465956a0f6376a60543d",
      "repair_active": true,
      "candidate_reports": 2,
      "pre_words": 752,
      "post_words": 1021,
      "pre_references": 13,
      "post_references": 15,
      "output": "data/outputs/aus_agent_v2/20260807T002615580334+1000.pre_repair_counterfactual.output.json"
    },
    {
      "qid": "6847465956a0f6376a605440",
      "repair_active": true,
      "candidate_reports": 2,
      "pre_words": 974,
      "post_words": 960,
      "pre_references": 27,
      "post_references": 29,
      "output": "data/outputs/aus_agent_v2/20260807T002637640036+1000.pre_repair_counterfactual.output.json"
    },
    {
      "qid": "6847465956a0f6376a605476",
      "repair_active": true,
      "candidate_reports": 2,
      "pre_words": 816,
      "post_words": 964,
      "pre_references": 13,
      "post_references": 18,
      "output": "data/outputs/aus_agent_v2/20260807T002655064269+1000.pre_repair_counterfactual.output.json"
    },
    {
      "qid": "6847465956a0f6376a60547e",
      "repair_active": true,
      "candidate_reports": 2,
      "pre_words": 973,
      "post_words": 986,
      "pre_references": 24,
      "post_references": 27,
      "output": "data/outputs/aus_agent_v2/20260807T002658424758+1000.pre_repair_counterfactual.output.json"
    },
    {
      "qid": "6847465956a0f6376a60547f",
      "repair_active": false,
      "candidate_reports": 1,
      "pre_words": 970,
      "post_words": 970,
      "pre_references": 29,
      "post_references": 29,
      "output": "data/outputs/aus_agent_v2/20260807T002925012900+1000.pre_repair_counterfactual.output.json"
    },
    {
      "qid": "6847465956a0f6376a605492",
      "repair_active": true,
      "candidate_reports": 2,
      "pre_words": 969,
      "post_words": 966,
      "pre_references": 23,
      "post_references": 27,
      "output": "data/outputs/aus_agent_v2/20260807T002930270550+1000.pre_repair_counterfactual.output.json"
    },
    {
      "qid": "6847465956a0f6376a605493",
      "repair_active": true,
      "candidate_reports": 2,
      "pre_words": 870,
      "post_words": 863,
      "pre_references": 36,
      "post_references": 38,
      "output": "data/outputs/aus_agent_v2/20260807T003038716753+1000.pre_repair_counterfactual.output.json"
    },
    {
      "qid": "6847465956a0f6376a6054a7",
      "repair_active": true,
      "candidate_reports": 2,
      "pre_words": 879,
      "post_words": 963,
      "pre_references": 24,
      "post_references": 25,
      "output": "data/outputs/aus_agent_v2/20260807T003045678087+1000.pre_repair_counterfactual.output.json"
    },
    {
      "qid": "6847465956a0f6376a6054ad",
      "repair_active": true,
      "candidate_reports": 2,
      "pre_words": 1002,
      "post_words": 1022,
      "pre_references": 28,
      "post_references": 27,
      "output": "data/outputs/aus_agent_v2/20260807T003046766053+1000.pre_repair_counterfactual.output.json"
    },
    {
      "qid": "6847465956a0f6376a6054be",
      "repair_active": true,
      "candidate_reports": 2,
      "pre_words": 835,
      "post_words": 966,
      "pre_references": 22,
      "post_references": 23,
      "output": "data/outputs/aus_agent_v2/20260807T003056851674+1000.pre_repair_counterfactual.output.json"
    }
  ]
}
