## Organizer baseline formatting
base-agentic-bm25.jsonl topics=119
  heading: topics=0 ids=[] objects=0 uncited_objects=0
  table: topics=1 ids=['rag2026-28'] objects=16 uncited_objects=0
  bullet: topics=0 ids=[] objects=0 uncited_objects=0
  numbered: topics=0 ids=[] objects=0 uncited_objects=0
  bold: topics=2 ids=['rag2026-28', 'rag2026-77'] objects=38 uncited_objects=0
base-singlepass.jsonl topics=119
  heading: topics=2 ids=['rag2026-115', 'rag2026-28'] objects=12 uncited_objects=0
  table: topics=1 ids=['rag2026-28'] objects=15 uncited_objects=0
  bullet: topics=0 ids=[] objects=0 uncited_objects=0
  numbered: topics=0 ids=[] objects=0 uncited_objects=0
  bold: topics=1 ids=['rag2026-63'] objects=6 uncited_objects=0
## Criterion transitions: sol-default -> sol-finish-the-claim
paired_topic_grades=90
  missing->missing: n=349 weight=933.0
  missing->partial: n=73 weight=228.0
  missing->satisfied: n=28 weight=73.0
  partial->missing: n=67 weight=209.0
  partial->partial: n=225 weight=745.0
  partial->satisfied: n=95 weight=312.0
  satisfied->missing: n=37 weight=104.0
  satisfied->partial: n=115 weight=365.0
  satisfied->satisfied: n=850 weight=2869.0
  partial proximal outcome: converted=95/387 (24.5%), regressed=67/387 (17.3%)
  per-topic weighted raw numerator delta across 3 repeats:
    683a58c9a7e7fe4e7695846f	+2.0
    683a58c9a7e7fe4e76958488	+8.0
    683a58c9a7e7fe4e7695848b	+4.0
    683a58c9a7e7fe4e76958498	+2.0
    684397d188c1deceb49af31d	-22.5
    684397d188c1deceb49af325	-1.0
    684397d188c1deceb49af32d	-9.5
    6847465956a0f6376a60535d	+8.0
    6847465956a0f6376a605360	-8.5
    6847465956a0f6376a605367	-11.0
    6847465956a0f6376a605387	-5.0
    6847465956a0f6376a605391	+2.5
    6847465956a0f6376a6053a0	-1.5
    6847465956a0f6376a6053c9	+4.0
    6847465956a0f6376a6053ca	+2.5
    6847465956a0f6376a6053fb	+4.0
    6847465956a0f6376a605404	+15.5
    6847465956a0f6376a60542a	-16.5
    6847465956a0f6376a60542d	+2.5
    6847465956a0f6376a605433	+4.5
    6847465956a0f6376a60543d	+10.5
    6847465956a0f6376a605440	-1.0
    6847465956a0f6376a605476	-41.0
    6847465956a0f6376a60547e	+17.5
    6847465956a0f6376a60547f	-4.5
    6847465956a0f6376a605492	-8.0
    6847465956a0f6376a605493	-0.5
    6847465956a0f6376a6054a7	-4.0
    6847465956a0f6376a6054ad	+10.5
    6847465956a0f6376a6054be	-11.5
## Criterion transitions: v2l-default -> v2l-facts
paired_topic_grades=90
  missing->missing: n=438 weight=1188.0
  missing->partial: n=73 weight=243.0
  missing->satisfied: n=34 weight=85.0
  partial->missing: n=89 weight=278.0
  partial->partial: n=258 weight=854.0
  partial->satisfied: n=91 weight=304.0
  satisfied->missing: n=51 weight=155.0
  satisfied->partial: n=99 weight=333.0
  satisfied->satisfied: n=706 weight=2398.0
  partial proximal outcome: converted=91/438 (20.8%), regressed=89/438 (20.3%)
  per-topic weighted raw numerator delta across 3 repeats:
    683a58c9a7e7fe4e7695846f	+6.0
    683a58c9a7e7fe4e76958488	-5.5
    683a58c9a7e7fe4e7695848b	+15.0
    683a58c9a7e7fe4e76958498	-32.0
    684397d188c1deceb49af31d	+7.5
    684397d188c1deceb49af325	-1.0
    684397d188c1deceb49af32d	+0.0
    6847465956a0f6376a60535d	+13.5
    6847465956a0f6376a605360	+6.5
    6847465956a0f6376a605367	-6.5
    6847465956a0f6376a605387	-12.5
    6847465956a0f6376a605391	-31.5
    6847465956a0f6376a6053a0	+2.5
    6847465956a0f6376a6053c9	-8.5
    6847465956a0f6376a6053ca	-5.5
    6847465956a0f6376a6053fb	-14.0
    6847465956a0f6376a605404	-20.0
    6847465956a0f6376a60542a	+9.0
    6847465956a0f6376a60542d	-27.5
    6847465956a0f6376a605433	-5.5
    6847465956a0f6376a60543d	-17.0
    6847465956a0f6376a605440	-7.5
    6847465956a0f6376a605476	+10.0
    6847465956a0f6376a60547e	+20.5
    6847465956a0f6376a60547f	+8.0
    6847465956a0f6376a605492	+23.0
    6847465956a0f6376a605493	+8.0
    6847465956a0f6376a6054a7	-28.0
    6847465956a0f6376a6054ad	-0.5
    6847465956a0f6376a6054be	-8.5
## Answer structure: v2-dev30-default -> sol-dev30-finish-the-claim
  683a58c9a7e7fe4e7695846f	words 771->824	digits/1k 32.43->48.54	vague/1k 1.30->4.85	refs 12->17
  683a58c9a7e7fe4e76958488	words 775->721	digits/1k 2.58->13.87	vague/1k 3.87->0.00	refs 20->21
  683a58c9a7e7fe4e7695848b	words 949->948	digits/1k 1.05->11.60	vague/1k 1.05->1.05	refs 22->22
  683a58c9a7e7fe4e76958498	words 821->741	digits/1k 8.53->18.89	vague/1k 6.09->1.35	refs 26->17
  684397d188c1deceb49af31d	words 782->702	digits/1k 1.28->2.85	vague/1k 0.00->1.42	refs 27->26
  684397d188c1deceb49af325	words 972->1016	digits/1k 1.03->0.98	vague/1k 1.03->0.00	refs 37->35
  684397d188c1deceb49af32d	words 846->831	digits/1k 0.00->0.00	vague/1k 3.55->0.00	refs 25->25
  6847465956a0f6376a60535d	words 1005->885	digits/1k 0.00->6.78	vague/1k 0.00->1.13	refs 38->29
  6847465956a0f6376a605360	words 968->827	digits/1k 26.86->37.48	vague/1k 0.00->1.21	refs 37->34
  6847465956a0f6376a605367	words 959->998	digits/1k 27.11->26.05	vague/1k 0.00->1.00	refs 27->22
  6847465956a0f6376a605387	words 928->842	digits/1k 14.01->20.19	vague/1k 1.08->1.19	refs 32->34
  6847465956a0f6376a605391	words 867->951	digits/1k 64.59->51.52	vague/1k 2.31->0.00	refs 33->36
  6847465956a0f6376a6053a0	words 957->887	digits/1k 6.27->15.78	vague/1k 0.00->0.00	refs 37->35
  6847465956a0f6376a6053c9	words 931->995	digits/1k 1.07->0.00	vague/1k 2.15->1.01	refs 32->28
  6847465956a0f6376a6053ca	words 681->720	digits/1k 51.40->72.22	vague/1k 0.00->0.00	refs 15->15
  6847465956a0f6376a6053fb	words 841->891	digits/1k 19.02->32.55	vague/1k 1.19->0.00	refs 25->28
  6847465956a0f6376a605404	words 754->892	digits/1k 22.55->26.91	vague/1k 0.00->2.24	refs 27->26
  6847465956a0f6376a60542a	words 967->852	digits/1k 1.03->2.35	vague/1k 1.03->1.17	refs 43->32
  6847465956a0f6376a60542d	words 1018->951	digits/1k 1.96->0.00	vague/1k 0.00->0.00	refs 41->28
  6847465956a0f6376a605433	words 946->946	digits/1k 2.11->4.23	vague/1k 2.11->1.06	refs 21->19
  6847465956a0f6376a60543d	words 998->934	digits/1k 24.05->25.70	vague/1k 2.00->1.07	refs 6->5
  6847465956a0f6376a605440	words 574->576	digits/1k 0.00->0.00	vague/1k 1.74->0.00	refs 14->15
  6847465956a0f6376a605476	words 1018->850	digits/1k 36.35->52.94	vague/1k 0.00->0.00	refs 7->20
  6847465956a0f6376a60547e	words 992->894	digits/1k 12.10->16.78	vague/1k 1.01->1.12	refs 27->31
  6847465956a0f6376a60547f	words 856->893	digits/1k 0.00->0.00	vague/1k 2.34->1.12	refs 33->29
  6847465956a0f6376a605492	words 683->646	digits/1k 4.39->6.19	vague/1k 4.39->3.10	refs 28->18
  6847465956a0f6376a605493	words 940->688	digits/1k 27.66->37.79	vague/1k 3.19->1.45	refs 23->22
  6847465956a0f6376a6054a7	words 796->901	digits/1k 43.97->59.93	vague/1k 5.03->0.00	refs 24->24
  6847465956a0f6376a6054ad	words 905->939	digits/1k 13.26->13.84	vague/1k 1.10->1.06	refs 19->20
  6847465956a0f6376a6054be	words 895->822	digits/1k 74.86->45.01	vague/1k 0.00->1.22	refs 13->9
  mean words: 879.833 -> 852.100
  mean digits_per_1k: 17.384 -> 21.700
  mean vague_per_1k: 1.585 -> 0.961
  mean refs: 25.700 -> 24.067
## Answer structure: v2l-dev30-default -> v2l-dev30-facts
  683a58c9a7e7fe4e7695846f	words 1018->938	digits/1k 26.52->27.72	vague/1k 5.89->3.20	refs 14->15
  683a58c9a7e7fe4e76958488	words 917->573	digits/1k 6.54->3.49	vague/1k 2.18->1.75	refs 5->7
  683a58c9a7e7fe4e7695848b	words 949->914	digits/1k 4.21->0.00	vague/1k 1.05->1.09	refs 8->12
  683a58c9a7e7fe4e76958498	words 909->991	digits/1k 7.70->1.01	vague/1k 3.30->5.05	refs 16->10
  684397d188c1deceb49af31d	words 850->985	digits/1k 2.35->3.05	vague/1k 2.35->2.03	refs 9->10
  684397d188c1deceb49af325	words 1024->922	digits/1k 0.00->0.00	vague/1k 0.98->1.08	refs 23->18
  684397d188c1deceb49af32d	words 928->985	digits/1k 0.00->0.00	vague/1k 1.08->0.00	refs 13->20
  6847465956a0f6376a60535d	words 837->891	digits/1k 0.00->0.00	vague/1k 0.00->0.00	refs 16->17
  6847465956a0f6376a605360	words 933->953	digits/1k 9.65->20.99	vague/1k 0.00->3.15	refs 12->24
  6847465956a0f6376a605367	words 834->985	digits/1k 33.57->18.27	vague/1k 2.40->0.00	refs 20->14
  6847465956a0f6376a605387	words 983->983	digits/1k 0.00->14.24	vague/1k 2.03->2.03	refs 21->17
  6847465956a0f6376a605391	words 971->969	digits/1k 45.31->38.18	vague/1k 1.03->0.00	refs 27->21
  6847465956a0f6376a6053a0	words 885->1016	digits/1k 1.13->0.00	vague/1k 1.13->0.98	refs 12->11
  6847465956a0f6376a6053c9	words 953->869	digits/1k 1.05->3.45	vague/1k 0.00->0.00	refs 19->16
  6847465956a0f6376a6053ca	words 845->984	digits/1k 86.39->39.63	vague/1k 0.00->2.03	refs 7->8
  6847465956a0f6376a6053fb	words 969->1017	digits/1k 8.26->20.65	vague/1k 1.03->0.98	refs 18->20
  6847465956a0f6376a605404	words 932->826	digits/1k 9.66->3.63	vague/1k 3.22->3.63	refs 13->14
  6847465956a0f6376a60542a	words 922->954	digits/1k 0.00->0.00	vague/1k 2.17->1.05	refs 13->10
  6847465956a0f6376a60542d	words 991->946	digits/1k 0.00->0.00	vague/1k 0.00->3.17	refs 19->21
  6847465956a0f6376a605433	words 1023->1006	digits/1k 0.98->2.98	vague/1k 0.98->0.99	refs 5->7
  6847465956a0f6376a60543d	words 916->910	digits/1k 20.74->27.47	vague/1k 0.00->0.00	refs 10->4
  6847465956a0f6376a605440	words 289->325	digits/1k 0.00->6.15	vague/1k 0.00->0.00	refs 5->5
  6847465956a0f6376a605476	words 920->988	digits/1k 10.87->18.22	vague/1k 0.00->1.01	refs 4->4
  6847465956a0f6376a60547e	words 994->1011	digits/1k 6.04->5.93	vague/1k 0.00->1.98	refs 12->18
  6847465956a0f6376a60547f	words 1014->972	digits/1k 0.00->0.00	vague/1k 0.99->1.03	refs 14->22
  6847465956a0f6376a605492	words 555->565	digits/1k 1.80->10.62	vague/1k 0.00->1.77	refs 8->6
  6847465956a0f6376a605493	words 973->824	digits/1k 30.83->32.77	vague/1k 2.06->3.64	refs 13->12
  6847465956a0f6376a6054a7	words 729->744	digits/1k 27.43->32.26	vague/1k 2.74->5.38	refs 15->15
  6847465956a0f6376a6054ad	words 939->898	digits/1k 10.65->6.68	vague/1k 0.00->1.11	refs 14->10
  6847465956a0f6376a6054be	words 810->839	digits/1k 24.69->22.65	vague/1k 3.70->2.38	refs 9->7
  mean words: 893.733 -> 892.767
  mean digits_per_1k: 12.546 -> 12.002
  mean vague_per_1k: 1.344 -> 1.684
  mean refs: 13.133 -> 13.167
## Fact carry-through: v2l-dev30-facts
  683a58c9a7e7fe4e7695846f	facts=38 cited_doc=36 exact=1 lexical60=22 numeric=4/8
  683a58c9a7e7fe4e76958488	facts=24 cited_doc=21 exact=0 lexical60=8 numeric=0/0
  683a58c9a7e7fe4e7695848b	facts=41 cited_doc=33 exact=2 lexical60=20 numeric=0/8
  683a58c9a7e7fe4e76958498	facts=25 cited_doc=25 exact=2 lexical60=21 numeric=1/1
  684397d188c1deceb49af31d	facts=58 cited_doc=53 exact=3 lexical60=23 numeric=1/5
  684397d188c1deceb49af325	facts=78 cited_doc=74 exact=21 lexical60=49 numeric=0/4
  684397d188c1deceb49af32d	facts=39 cited_doc=37 exact=0 lexical60=20 numeric=0/1
  6847465956a0f6376a60535d	facts=48 cited_doc=44 exact=0 lexical60=19 numeric=0/3
  6847465956a0f6376a605360	facts=72 cited_doc=72 exact=10 lexical60=34 numeric=13/19
  6847465956a0f6376a605367	facts=54 cited_doc=53 exact=5 lexical60=31 numeric=10/15
  6847465956a0f6376a605387	facts=57 cited_doc=51 exact=7 lexical60=27 numeric=7/11
  6847465956a0f6376a605391	facts=42 cited_doc=40 exact=8 lexical60=20 numeric=21/30
  6847465956a0f6376a6053a0	facts=39 cited_doc=33 exact=1 lexical60=20 numeric=0/0
  6847465956a0f6376a6053c9	facts=47 cited_doc=41 exact=3 lexical60=22 numeric=2/4
  6847465956a0f6376a6053ca	facts=27 cited_doc=25 exact=2 lexical60=17 numeric=3/5
  6847465956a0f6376a6053fb	facts=61 cited_doc=52 exact=6 lexical60=42 numeric=11/13
  6847465956a0f6376a605404	facts=42 cited_doc=41 exact=1 lexical60=18 numeric=2/4
  6847465956a0f6376a60542a	facts=65 cited_doc=47 exact=1 lexical60=24 numeric=0/4
  6847465956a0f6376a60542d	facts=56 cited_doc=47 exact=1 lexical60=18 numeric=0/1
  6847465956a0f6376a605433	facts=19 cited_doc=14 exact=4 lexical60=9 numeric=0/0
  6847465956a0f6376a60543d	facts=8 cited_doc=6 exact=0 lexical60=3 numeric=0/0
  6847465956a0f6376a605440	facts=17 cited_doc=11 exact=0 lexical60=4 numeric=0/0
  6847465956a0f6376a605476	facts=12 cited_doc=12 exact=1 lexical60=5 numeric=2/2
  6847465956a0f6376a60547e	facts=49 cited_doc=47 exact=0 lexical60=11 numeric=0/0
  6847465956a0f6376a60547f	facts=51 cited_doc=49 exact=0 lexical60=24 numeric=0/1
  6847465956a0f6376a605492	facts=28 cited_doc=23 exact=2 lexical60=13 numeric=5/14
  6847465956a0f6376a605493	facts=34 cited_doc=34 exact=1 lexical60=20 numeric=3/3
  6847465956a0f6376a6054a7	facts=53 cited_doc=48 exact=8 lexical60=27 numeric=19/28
  6847465956a0f6376a6054ad	facts=27 cited_doc=25 exact=2 lexical60=8 numeric=1/1
  6847465956a0f6376a6054be	facts=12 cited_doc=9 exact=0 lexical60=2 numeric=4/6
  aggregate {'facts': 1223, 'cited_doc': 1103, 'exact_value': 92, 'lexical_60': 581, 'numeric_facts': 191, 'numeric_carried': 109}
  rates cited_doc=90.2% exact=7.5% lexical60=47.5% numeric=57.1%
