# 20260731T103000-stageA

pairs: 12846
status: {'agree': 11517, 'resolved': 1323, 'single': 6} 

## primary-vs-secondary agreement (n=12840)
  |d|=0:   6169   48.0%
  |d|=1:   5348   41.7%
  |d|=2:   1222    9.5%
  |d|=3:    101    0.8%
  conflict shapes: {(0, 2): 1016, (0, 3): 101, (1, 3): 206} 

## grade distributions (systematic bias, not noise)
  facet-name-v1 (primary)        n= 12841 {0: 2213, 1: 381, 2: 6486, 3: 3761} mean=1.919
  facet-rare3-v1 (secondary)     n= 12845 {0: 3349, 1: 2238, 2: 6885, 3: 373} mean=1.333
  facet-v1 (tiebreak)            n=  1323 {0: 564, 1: 339, 2: 400, 3: 20} mean=0.906
  CONSENSUS                      n= 12846 {0: 2950, 1: 2280, 2: 7279, 3: 337} mean=1.389

## tiebreak outcomes (n=1323)
  votes (0, 2) + tiebreak -> 0: 491
  votes (0, 2) + tiebreak -> 1: 282
  votes (0, 2) + tiebreak -> 2: 243
  votes (0, 3) + tiebreak -> 0: 52
  votes (0, 3) + tiebreak -> 1: 20
  votes (0, 3) + tiebreak -> 2: 22
  votes (0, 3) + tiebreak -> 3: 7
  votes (1, 3) + tiebreak -> 1: 58
  votes (1, 3) + tiebreak -> 2: 139
  votes (1, 3) + tiebreak -> 3: 9

## coverage (a parse failure in one prompt is covered by the other)
  facet-name-v1                  12841/12846 pooled pairs graded
  facet-rare3-v1                 12845/12846 pooled pairs graded
  union (CONSENSUS)              12846/12846  single-vote pairs: 6

## ndcg10_exp: single-judge vs consensus
  config               single  rk     cons  rk  dRank
  k1_0.9__b_0.2        0.6014   1   0.5602   1     +0
  k1_1.2__b_0.35       0.6012   2   0.5566   8     -6
  k1_0.9__b_0.35       0.6010   3   0.5588   2     +1
  k1_0.9__b_0.4        0.6007   4   0.5587   3     +1
  k1_1.2__b_0.2        0.6004   5   0.5584   4     +1
  k1_0.9__b_0.5        0.5999   6   0.5571   5     +1
  k1_0.7__b_0.35       0.5997   7   0.5568   6     +1
  k1_0.7__b_0.5        0.5981   8   0.5541  11     -3
  k1_1.2__b_0.5        0.5978   9   0.5549  10     -1
  k1_1.6__b_0.2        0.5978  10   0.5567   7     +3
  k1_0.7__b_0.2        0.5977  11   0.5562   9     +2
  k1_1.6__b_0.35       0.5960  12   0.5532  12     +0
  k1_0.7__b_0.65       0.5943  13   0.5503  14     -1
  k1_0.9__b_0.65       0.5943  14   0.5528  13     +1
  k1_1.2__b_0.65       0.5934  15   0.5486  17     -2
  k1_0.9__b_0.8        0.5927  16   0.5466  19     -3
  k1_1.6__b_0.5        0.5925  17   0.5488  16     +1
  k1_0.5__b_0.35       0.5915  18   0.5498  15     +3
  k1_0.7__b_0.8        0.5907  19   0.5447  22     -3
  k1_0.5__b_0.5        0.5895  20   0.5469  18     +2
  k1_1.2__b_0.8        0.5878  21   0.5437  23     -2
  k1_0.5__b_0.2        0.5876  22   0.5462  20     +2
  k1_0.5__b_0.65       0.5872  23   0.5455  21     +2
  k1_1.6__b_0.65       0.5866  24   0.5408  24     +0
  k1_0.5__b_0.8        0.5825  25   0.5406  25     +0
  k1_1.6__b_0.8        0.5796  26   0.5346  26     +0

  Spearman rho = 0.9610 over 26 cells
  single    winner=k1_0.9__b_0.2 0.6014  baseline=0.6007 delta=+0.0007  baseline_rank=4  spread=0.0218
  consensus winner=k1_0.9__b_0.2 0.5602  baseline=0.5587 delta=+0.0015  baseline_rank=3  spread=0.0256
  top-3 single   : ['k1_0.9__b_0.2', 'k1_1.2__b_0.35', 'k1_0.9__b_0.35']
  top-3 consensus: ['k1_0.9__b_0.2', 'k1_0.9__b_0.35', 'k1_0.9__b_0.4']

## winner vs k1_0.9__b_0.4, paired per query
  single    n=238 mean=+0.00069 sd=0.0337 win/loss/tie=98/103/37
  consensus n=238 mean=+0.00150 sd=0.0326 win/loss/tie=92/91/55
